// Jest Snapshot v1, https://goo.gl/fbAQLP

exports[`StaticTextWidget renders a static text view widget component 1`] = `
<p
  className="metadata statictext widget"
  dangerouslySetInnerHTML={
    Object {
      "__html": "<b>Foo bar</b>",
    }
  }
/>
`;

exports[`StaticTextWidget renders a static text view widget component with children 1`] = `
<p
  className="metadata statictext widget"
  dangerouslySetInnerHTML={
    Object {
      "__html": "<b>Foo bar</b>",
    }
  }
/>
`;

exports[`StaticTextWidget renders an empty static text view widget component 1`] = `null`;
