// Jest Snapshot v1, https://goo.gl/fbAQLP

exports[`History renders a history component 1`] = `
<div
  className="ui container"
  id="page-history"
>
  <div
    className="ui raised segments"
  >
    <div
      className="ui segment primary"
    >
      History of 
      <q>
        Blog
      </q>
    </div>
    <div
      className="ui secondary segment"
    >
      You can view the history of your item below.
    </div>
    <table
      className="ui selectable single line attached compact table"
    >
      <thead
        className=""
      >
        <tr
          className=""
        >
          <th
            className="one wide"
          >
            #
          </th>
          <th
            className="four wide"
          >
            What
          </th>
          <th
            className="four wide"
          >
            Who
          </th>
          <th
            className="four wide"
          >
            When
          </th>
          <th
            className="four wide"
          >
            Change Note
          </th>
          <th
            className=""
          />
        </tr>
      </thead>
      <tbody
        className=""
      >
        <tr
          className=""
        >
          <td
            className=""
          >
            <span />
          </td>
          <td
            className=""
          >
            <span>
              Publish
               (Private â†’ Published)
            </span>
          </td>
          <td
            className=""
          >
            Web Admin
          </td>
          <td
            className=""
          >
            <span
              title="Sunday, April 23, 2017 3:38 AM"
            >
              a few seconds ago
            </span>
          </td>
          <td
            className=""
          >
            
          </td>
          <td
            className=""
          />
        </tr>
        <tr
          className=""
        >
          <td
            className=""
          >
            <span />
          </td>
          <td
            className=""
          >
            <span>
              Edited
            </span>
          </td>
          <td
            className=""
          >
            Web Admin
          </td>
          <td
            className=""
          >
            <span
              title="Sunday, April 23, 2017 3:38 AM"
            >
              a few seconds ago
            </span>
          </td>
          <td
            className=""
          >
            Changed text
          </td>
          <td
            className=""
          >
            <div
              aria-expanded={false}
              className="ui dropdown"
              onBlur={[Function]}
              onChange={[Function]}
              onClick={[Function]}
              onFocus={[Function]}
              onKeyDown={[Function]}
              onMouseDown={[Function]}
              role="listbox"
              tabIndex={0}
            >
              <i
                aria-hidden="true"
                className="ellipsis horizontal icon"
                onClick={[Function]}
              />
              <div
                className="menu transition left"
              />
            </div>
          </td>
        </tr>
        <tr
          className=""
        >
          <td
            className=""
          >
            <span />
          </td>
          <td
            className=""
          >
            <span>
              Create
               (Private)
            </span>
          </td>
          <td
            className=""
          >
            Web Admin
          </td>
          <td
            className=""
          >
            <span
              title="Sunday, April 23, 2017 3:38 AM"
            >
              a few seconds ago
            </span>
          </td>
          <td
            className=""
          >
            
          </td>
          <td
            className=""
          />
        </tr>
      </tbody>
    </table>
  </div>
  <div
    id="Portal"
  />
</div>
`;
