// Jest Snapshot v1, https://goo.gl/fbAQLP

exports[`Workflow renders a workflow component 1`] = `
<div>
  <div
    id="FormFieldWrapper"
  />
</div>
`;

exports[`Workflow renders an empty workflow component 1`] = `
<div>
  <div
    id="FormFieldWrapper"
  />
</div>
`;
