// Jest Snapshot v1, https://goo.gl/fbAQLP

exports[`CheckboxFacet renders a facet component with checkboxes 1`] = `
<div
  className="checkbox-facet"
>
  <h4
    className="ui header"
  >
    Test Facet
  </h4>
  <div
    className="entries"
  >
    <div
      className="entry"
    >
      <div
        className="ui radio checkbox"
        onChange={[Function]}
        onClick={[Function]}
        onMouseDown={[Function]}
        onMouseUp={[Function]}
      >
        <input
          checked={false}
          className="hidden"
          readOnly={true}
          tabIndex={0}
          type="checkbox"
        />
        <label>
          First
        </label>
      </div>
    </div>
    <div
      className="entry"
    >
      <div
        className="ui radio checkbox"
        onChange={[Function]}
        onClick={[Function]}
        onMouseDown={[Function]}
        onMouseUp={[Function]}
      >
        <input
          checked={false}
          className="hidden"
          readOnly={true}
          tabIndex={0}
          type="checkbox"
        />
        <label>
          Second
        </label>
      </div>
    </div>
  </div>
</div>
`;
