// Vitest Snapshot v1, https://vitest.dev/guide/snapshot.html

exports[`SearchDetails > renders search detail component 1`] = `
<h4
  className="search-details"
>
  Searched for: 
  <em>
    test
  </em>
  .
   
  Search results
  : 
  10
</h4>
`;
