// Jest Snapshot v1, https://goo.gl/fbAQLP

exports[`Form renders a form component 1`] = `
<div
  className="ui form"
>
  <div
    id="blockform-fieldset-default"
  >
    <div
      className="ui segment form attached"
    >
      <div
        className="Field"
      />
    </div>
  </div>
</div>
`;
