// Jest Snapshot v1, https://goo.gl/fbAQLP

exports[`Diff renders a diff component 1`] = `
<div>
  <div
    class="ui container"
    id="page-diff"
  >
    <h1>
      Difference between revision 0 and 1 of Blog
    </h1>
    <div
      class="ui grid"
    >
      <div
        class="nine wide column"
      >
        <p
          class="description"
        >
          You can view the difference of the revisions below.
        </p>
      </div>
      <div
        class="right aligned three wide column"
      >
        <div
          class="ui buttons"
        >
          <button
            class="ui active button"
            value="split"
          >
            Split
          </button>
          <button
            class="ui button"
            value="unified"
          >
            Unified
          </button>
        </div>
      </div>
    </div>
    <table
      class="ui very basic table"
    >
      <thead
        class=""
      >
        <tr
          class=""
        >
          <th
            class="six wide"
          >
            Base
            <div
              aria-expanded="false"
              class="ui fluid selection dropdown"
              role="listbox"
              tabindex="0"
            >
              <div
                aria-atomic="true"
                aria-live="polite"
                class="divider text"
                role="alert"
              >
                0
                 (
                <time
                  class="text"
                  datetime="2017-04-19T14:09:35+02:00"
                  title="Wednesday, April 19, 2017 at 12:09 PM"
                >
                  Wednesday, April 19, 2017 at 12:09 PM
                </time>
                ,  
                Web Admin
                )
              </div>
              <i
                aria-hidden="true"
                class="dropdown icon"
              />
              <div
                class="menu transition"
              >
                <div
                  aria-checked="false"
                  aria-selected="false"
                  class="item"
                  role="option"
                  style="pointer-events: all;"
                >
                  Current
                   (
                  <time
                    class="text"
                    datetime="2017-04-19T14:09:36+02:00"
                    title="Wednesday, April 19, 2017 at 12:09 PM"
                  >
                    Wednesday, April 19, 2017 at 12:09 PM
                  </time>
                  ,  
                  Web Admin
                  )
                </div>
                <div
                  aria-checked="true"
                  aria-selected="true"
                  class="active selected item"
                  role="option"
                  style="pointer-events: all;"
                >
                  0
                   (
                  <time
                    class="text"
                    datetime="2017-04-19T14:09:35+02:00"
                    title="Wednesday, April 19, 2017 at 12:09 PM"
                  >
                    Wednesday, April 19, 2017 at 12:09 PM
                  </time>
                  ,  
                  Web Admin
                  )
                </div>
              </div>
            </div>
          </th>
          <th
            class="six wide"
          >
            Compare
            <div
              aria-expanded="false"
              class="ui fluid selection dropdown"
              role="listbox"
              tabindex="0"
            >
              <div
                aria-atomic="true"
                aria-live="polite"
                class="divider text"
                role="alert"
              >
                Current
                 (
                <time
                  class="text"
                  datetime="2017-04-19T14:09:36+02:00"
                  title="Wednesday, April 19, 2017 at 12:09 PM"
                >
                  Wednesday, April 19, 2017 at 12:09 PM
                </time>
                ,  
                Web Admin
                )
              </div>
              <i
                aria-hidden="true"
                class="dropdown icon"
              />
              <div
                class="menu transition"
              >
                <div
                  aria-checked="true"
                  aria-selected="true"
                  class="active selected item"
                  role="option"
                  style="pointer-events: all;"
                >
                  Current
                   (
                  <time
                    class="text"
                    datetime="2017-04-19T14:09:36+02:00"
                    title="Wednesday, April 19, 2017 at 12:09 PM"
                  >
                    Wednesday, April 19, 2017 at 12:09 PM
                  </time>
                  ,  
                  Web Admin
                  )
                </div>
                <div
                  aria-checked="false"
                  aria-selected="false"
                  class="item"
                  role="option"
                  style="pointer-events: all;"
                >
                  0
                   (
                  <time
                    class="text"
                    datetime="2017-04-19T14:09:35+02:00"
                    title="Wednesday, April 19, 2017 at 12:09 PM"
                  >
                    Wednesday, April 19, 2017 at 12:09 PM
                  </time>
                  ,  
                  Web Admin
                  )
                </div>
              </div>
            </div>
          </th>
        </tr>
      </thead>
    </table>
    <div
      class="ui grid"
      data-testid="DiffField"
    >
      <div
        class="row"
      >
        <div
          class="twelve wide column"
        >
          Title
        </div>
      </div>
      <div
        class="row"
      >
        <div
          class="top aligned six wide column"
        >
          <span>
            <span>
              My 
            </span>
            <span
              class="deletion"
            >
              old
            </span>
            <span>
               title
            </span>
          </span>
        </div>
        <div
          class="top aligned six wide column"
        >
          <span>
            <span>
              My 
            </span>
            <span
              class="addition"
            >
              new
            </span>
            <span>
               title
            </span>
            <span
              class="addition"
            >
              ,
            </span>
          </span>
        </div>
      </div>
    </div>
    <div
      id="Portal"
    />
  </div>
</div>
`;
