// Jest Snapshot v1, https://goo.gl/fbAQLP

exports[`Logout renders a logout component 1`] = `<div />`;
