// Vitest Snapshot v1, https://vitest.dev/guide/snapshot.html

exports[`UniversalLink > check UniversalLink does not break with error in item 1`] = `
<a
  href="/"
  onClick={[Function]}
>
  <h1>
    Title
  </h1>
</a>
`;

exports[`UniversalLink > renders a UniversalLink component if no external(href) link passed 1`] = `
<a
  href="/en/welcome-to-volto"
  onClick={[Function]}
>
  <h1>
    Title
  </h1>
</a>
`;

exports[`UniversalLink > renders a UniversalLink component when url ends with @@display-file 1`] = `
<a
  href="/en/welcome-to-volto/@@display-file"
  rel="noopener noreferrer"
  target="_blank"
>
  <h1>
    Title
  </h1>
</a>
`;

exports[`UniversalLink > renders a UniversalLink component with external link 1`] = `
<a
  className="external custom-link"
  href="https://github.com/plone/volto"
  rel="noopener noreferrer"
  target="_blank"
>
  <h1>
    Title
  </h1>
</a>
`;

exports[`UniversalLink > renders a UniversalLink component with internal link 1`] = `
<a
  href="/en/welcome-to-volto"
  onClick={[Function]}
>
  <h1>
    Title
  </h1>
</a>
`;
