// Jest Snapshot v1, https://goo.gl/fbAQLP

exports[`UsersControlpanel renders a user control component 1`] = `
<div
  className="ui container users-control-panel"
>
  <div
    className="container"
  />
  <div
    className="ui raised segments"
  >
    <div
      className="ui segment primary"
    >
      Groups
    </div>
    <div
      className="ui secondary segment"
    >
      Groups are logical collections of users, such as departments and business units. Groups are not directly related to permissions on a global level, you normally use Roles for that - and let certain Groups have a particular role. The symbol
      <svg
        className="icon"
        dangerouslySetInnerHTML={
          Object {
            "__html": "<title>plone-svg</title>undefined",
          }
        }
        onClick={null}
        style={
          Object {
            "fill": "#007EB1",
            "height": "20px",
            "width": "auto",
          }
        }
        viewBox=""
        xmlns=""
      />
      indicates a role inherited from membership in another group.
    </div>
    <div
      className="ui segment"
    >
      <form
        className="ui form"
        onSubmit={[Function]}
      >
        <div
          className="field"
        >
          <div
            className="ui action input"
          >
            <input
              id="group-search-input"
              name="SearchableText"
              onChange={[Function]}
              placeholder="Search groups"
              type="text"
            />
            <button
              className="ui icon button"
              onClick={[Function]}
            >
              <i
                aria-hidden="true"
                className="search icon"
                onClick={[Function]}
              />
            </button>
          </div>
        </div>
      </form>
    </div>
    <div
      className="table"
    >
      <table
        className="ui striped unstackable attached padded table"
      >
        <thead
          className=""
        >
          <tr
            className=""
          >
            <th
              className=""
            >
              Groupname
            </th>
            <th
              className=""
            >
              Actions
            </th>
          </tr>
        </thead>
      </table>
      <div
        className="no-user-message"
      >
        <div
          className="large message"
        >
          No group found
        </div>
        <button
          aria-label="Add new group"
          className="ui button"
          id="add-group"
          onClick={[Function]}
        >
          Add Group
        </button>
      </div>
    </div>
    <div
      className="contents-pagination"
    >
      <div
        className="ui secondary attached menu"
      >
        <div
          className="menu"
        />
      </div>
    </div>
  </div>
  <div
    id="Portal"
  />
</div>
`;
