// Jest Snapshot v1, https://goo.gl/fbAQLP

exports[`renders an gallery view component 1`] = `
<div
  className="ui container view-wrapper"
>
  <article
    id="content"
  >
    <header>
      <h1
        className="documentFirstHeading"
      >
        Hello World!
      </h1>
      <p
        className="documentDescription"
      >
        Hi
      </p>
    </header>
    <section
      id="content-core"
    >
      <div
        className="ui doubling stackable four column grid"
      />
    </section>
  </article>
</div>
`;
