// Jest Snapshot v1, https://goo.gl/fbAQLP

exports[`LinksToItem renders "links and references" view 1`] = `
<div>
  <div
    class="ui container"
    id="linkstoitem"
  >
    <div
      class="ui raised segments"
    >
      <div
        class="ui segment primary"
      >
        Content that links to or references 
        <q>
          page #1
        </q>
      </div>
      <table
        class="ui selectable single line attached compact table"
      >
        <tbody
          class=""
        >
          <tr
            class=""
          >
            <th
              class=""
            >
              Linking this item with hyperlink in text
            </th>
            <th
              class=""
            >
              Review state
            </th>
            <th
              class=""
            >
              Type
            </th>
          </tr>
          <tr
            class=""
          >
            <td
              class=""
            >
              <a
                class="source published"
                href="/page-basil"
              >
                <span
                  class="label"
                  title="Document"
                >
                  Basil
                </span>
              </a>
            </td>
            <td
              class=""
            >
              <span>
                published
              </span>
            </td>
            <td
              class=""
            >
              <span>
                Document
              </span>
            </td>
          </tr>
          <tr
            class=""
          >
            <th
              class=""
            >
              Referencing this item as related item
            </th>
            <th
              class=""
            >
              Review state
            </th>
            <th
              class=""
            >
              Type
            </th>
          </tr>
          <tr
            class=""
          >
            <td
              class=""
            >
              <a
                class="source published"
                href="/page-cucumber"
              >
                <span
                  class="label"
                  title="Document"
                >
                  Cucumber
                </span>
              </a>
            </td>
            <td
              class=""
            >
              <span>
                published
              </span>
            </td>
            <td
              class=""
            >
              <span>
                Document
              </span>
            </td>
          </tr>
        </tbody>
      </table>
    </div>
  </div>
  <div
    id="toolbar"
  >
    <div
      id="Portal"
    />
  </div>
</div>
`;
