// Jest Snapshot v1, https://goo.gl/fbAQLP

exports[`renders a objectBrowser widget component 1`] = `
<div
  className="inline field text field-wrapper-my-field"
>
  <div
    className="ui grid"
  >
    <div
      className="stretched row"
    >
      <div
        className="four wide column"
      >
        <div
          className="wrapper"
        >
          <label
            htmlFor="field-my-field"
            id="fieldset-default-field-label-my-field"
          >
            My field
          </label>
        </div>
      </div>
      <div
        className="eight wide column"
      >
        <div
          aria-labelledby="fieldset-default-field-label-my-field"
          className="objectbrowser-field"
        >
          <div
            className="selected-values"
            onClick={[Function]}
            onKeyDown={[Function]}
            role="searchbox"
            tabIndex={0}
          >
            <div
              className="placeholder"
            >
              No items selected
            </div>
          </div>
          
          <button
            aria-label="Open object browser"
            className="ui button action"
            onClick={[Function]}
          >
            <svg
              className="icon"
              dangerouslySetInnerHTML={
                Object {
                  "__html": undefined,
                }
              }
              onClick={null}
              style={
                Object {
                  "fill": "currentColor",
                  "height": "18px",
                  "width": "auto",
                }
              }
              viewBox=""
              xmlns=""
            />
          </button>
        </div>
      </div>
    </div>
  </div>
</div>
`;
