// Jest Snapshot v1, https://goo.gl/fbAQLP

exports[`renders a text widget component 1`] = `
<div
  className="inline field text field-wrapper-my-field"
>
  <div
    className="ui grid"
  >
    <div
      className="stretched row"
    >
      <div
        className="twelve wide column"
      >
        <div
          className="wrapper"
          id="my-field"
        >
          <p
            dangerouslySetInnerHTML={
              Object {
                "__html": "",
              }
            }
          />
        </div>
      </div>
    </div>
  </div>
</div>
`;
